{
  "version": "1.5.0",
  "plugins_used": [
    {
      "name": "ArtifactoryDetector"
    },
    {
      "name": "AWSKeyDetector"
    },
    {
      "name": "AzureStorageKeyDetector"
    },
    {
      "name": "Base64HighEntropyString",
      "limit": 4.5
    },
    {
      "name": "BasicAuthDetector"
    },
    {
      "name": "CloudantDetector"
    },
    {
      "name": "DiscordBotTokenDetector"
    },
    {
      "name": "GitHubTokenDetector"
    },
    {
      "name": "GitLabTokenDetector"
    },
    {
      "name": "HexHighEntropyString",
      "limit": 3.0
    },
    {
      "name": "IbmCloudIamDetector"
    },
    {
      "name": "IbmCosHmacDetector"
    },
    {
      "name": "IPPublicDetector"
    },
    {
      "name": "JwtTokenDetector"
    },
    {
      "name": "KeywordDetector",
      "keyword_exclude": ""
    },
    {
      "name": "MailchimpDetector"
    },
    {
      "name": "NpmDetector"
    },
    {
      "name": "OpenAIDetector"
    },
    {
      "name": "PrivateKeyDetector"
    },
    {
      "name": "PypiTokenDetector"
    },
    {
      "name": "SendGridDetector"
    },
    {
      "name": "SlackDetector"
    },
    {
      "name": "SoftlayerDetector"
    },
    {
      "name": "SquareOAuthDetector"
    },
    {
      "name": "StripeDetector"
    },
    {
      "name": "TelegramBotTokenDetector"
    },
    {
      "name": "TwilioKeyDetector"
    }
  ],
  "filters_used": [
    {
      "path": "detect_secrets.filters.allowlist.is_line_allowlisted"
    },
    {
      "path": "detect_secrets.filters.common.is_baseline_file",
      "filename": ".secrets.baseline"
    },
    {
      "path": "detect_secrets.filters.common.is_ignored_due_to_verification_policies",
      "min_level": 2
    },
    {
      "path": "detect_secrets.filters.heuristic.is_indirect_reference"
    },
    {
      "path": "detect_secrets.filters.heuristic.is_likely_id_string"
    },
    {
      "path": "detect_secrets.filters.heuristic.is_lock_file"
    },
    {
      "path": "detect_secrets.filters.heuristic.is_not_alphanumeric_string"
    },
    {
      "path": "detect_secrets.filters.heuristic.is_potential_uuid"
    },
    {
      "path": "detect_secrets.filters.heuristic.is_prefixed_with_dollar_sign"
    },
    {
      "path": "detect_secrets.filters.heuristic.is_sequential_string"
    },
    {
      "path": "detect_secrets.filters.heuristic.is_swagger_file"
    },
    {
      "path": "detect_secrets.filters.heuristic.is_templated_secret"
    },
    {
      "path": "detect_secrets.filters.regex.should_exclude_file",
      "pattern": [
        "(^|/)(\\.git|\\.venv|\\.pytest_cache|node_modules|dist|data|postgres-data|mlruns|catboost_info)/|(^|/)\\.env(\\.|$)"
      ]
    }
  ],
  "results": {
    "ai-trader-worker/tests/test_worker.py": [
      {
        "type": "Secret Keyword",
        "filename": "ai-trader-worker/tests/test_worker.py",
        "hashed_secret": "888e3cb98d0383a4152bd5f41740e2127924a4d2",
        "is_verified": false,
        "line_number": 133
      }
    ],
    "ai-trader-worker/worker/application/market_intel.py": [
      {
        "type": "Secret Keyword",
        "filename": "ai-trader-worker/worker/application/market_intel.py",
        "hashed_secret": "89e495e7941cf9e40e6980d14a16bf023ccd4c91",
        "is_verified": false,
        "line_number": 105
      }
    ],
    "backend/tests/test_database_config.py": [
      {
        "type": "Secret Keyword",
        "filename": "backend/tests/test_database_config.py",
        "hashed_secret": "3acfb2c2b433c0ea7ff107e33df91b18e52f960f",
        "is_verified": false,
        "line_number": 79
      },
      {
        "type": "Secret Keyword",
        "filename": "backend/tests/test_database_config.py",
        "hashed_secret": "6973b562c4437e6ce8e207e04609352475869818",
        "is_verified": false,
        "line_number": 81
      },
      {
        "type": "Basic Auth Credentials",
        "filename": "backend/tests/test_database_config.py",
        "hashed_secret": "6d63e4410f0952941c419c54b562e8052f0c8c75",
        "is_verified": false,
        "line_number": 87
      },
      {
        "type": "Basic Auth Credentials",
        "filename": "backend/tests/test_database_config.py",
        "hashed_secret": "e5e9fa1ba31ecd1ae84f75caaa474f3a663f05f4",
        "is_verified": false,
        "line_number": 92
      },
      {
        "type": "Secret Keyword",
        "filename": "backend/tests/test_database_config.py",
        "hashed_secret": "6c45219b316514dc61065d13541e052d139c5f81",
        "is_verified": false,
        "line_number": 144
      }
    ]
  },
  "generated_at": "2026-07-20T03:25:58Z"
}
